2026-09-13T19:04:54.059939	DEBUG	qzlt/main.go:33	Initializing postgtes connection pool
2026-09-13T19:04:54.077105	DEBUG	qzlt/main.go:40	initializing feature	{"feature": "users"}
2026-09-13T19:04:54.077474	WARN	server/server.go:50	starting http server on 	{"addr": ":5050"}
2026-09-13T19:05:15.276052	DEBUG	middleware/common.go:79	>>> incoming http request	{"request_id": "92e9c539-f0f2-4822-b647-f14ad96e1e3b", "url": "/api/v1/users", "method": "POST", "time": "2026-09-13T16:05:15.276048"}
2026-09-13T19:05:15.276256	DEBUG	middleware/common.go:86	<<< done HTTP request	{"request_id": "92e9c539-f0f2-4822-b647-f14ad96e1e3b", "url": "/api/v1/users", "method": "POST", "status_code": 404, "latency": "207.25µs"}
2026-09-13T19:05:22.119940	DEBUG	middleware/common.go:79	>>> incoming http request	{"request_id": "464b34f6-22e1-4ce3-b26f-53c3f469c5b2", "url": "/api/v1/register", "method": "POST", "time": "2026-09-13T16:05:22.119938"}
2026-09-13T19:05:22.120017	DEBUG	http/create_user.go:33	invoke create user handler	{"request_id": "464b34f6-22e1-4ce3-b26f-53c3f469c5b2", "url": "/api/v1/register", "method": "POST"}
2026-09-13T19:05:22.121033	WARN	response/handler.go:55	Failed to decode and validate CreateUser request	{"request_id": "464b34f6-22e1-4ce3-b26f-53c3f469c5b2", "url": "/api/v1/register", "method": "POST", "error": "validate json: Key: 'CreateUserRequest.Name' Error:Field validation for 'Name' failed on the 'min' tag :invalid argument"}
2026-09-13T19:05:22.121239	DEBUG	middleware/common.go:86	<<< done HTTP request	{"request_id": "464b34f6-22e1-4ce3-b26f-53c3f469c5b2", "url": "/api/v1/register", "method": "POST", "status_code": 400, "latency": "1.300333ms"}
2026-09-13T19:05:30.686282	DEBUG	middleware/common.go:79	>>> incoming http request	{"request_id": "f6c96b3a-623b-4405-8f2c-b4d58900e245", "url": "/api/v1/register", "method": "POST", "time": "2026-09-13T16:05:30.686280"}
2026-09-13T19:05:30.686353	DEBUG	http/create_user.go:33	invoke create user handler	{"request_id": "f6c96b3a-623b-4405-8f2c-b4d58900e245", "url": "/api/v1/register", "method": "POST"}
2026-09-13T19:05:30.818398	ERROR	response/handler.go:55	Failed to create user	{"request_id": "f6c96b3a-623b-4405-8f2c-b4d58900e245", "url": "/api/v1/register", "method": "POST", "error": "create user: scan error: ERROR: duplicate key value violates unique constraint \"users_email_key\" (SQLSTATE 23505)"}
2026-09-13T19:05:30.818535	DEBUG	middleware/common.go:86	<<< done HTTP request	{"request_id": "f6c96b3a-623b-4405-8f2c-b4d58900e245", "url": "/api/v1/register", "method": "POST", "status_code": 500, "latency": "132.255875ms"}
2026-09-13T19:05:37.962311	DEBUG	middleware/common.go:79	>>> incoming http request	{"request_id": "3e58421f-89f8-4ea4-8aca-2f88fd159bb5", "url": "/api/v1/register", "method": "POST", "time": "2026-09-13T16:05:37.962310"}
2026-09-13T19:05:37.962393	DEBUG	http/create_user.go:33	invoke create user handler	{"request_id": "3e58421f-89f8-4ea4-8aca-2f88fd159bb5", "url": "/api/v1/register", "method": "POST"}
2026-09-13T19:05:38.050508	DEBUG	middleware/common.go:86	<<< done HTTP request	{"request_id": "3e58421f-89f8-4ea4-8aca-2f88fd159bb5", "url": "/api/v1/register", "method": "POST", "status_code": 201, "latency": "88.197167ms"}
2026-09-13T19:06:58.603886	DEBUG	middleware/common.go:79	>>> incoming http request	{"request_id": "884f628a-76e5-4564-b38d-c4d1434dd72b", "url": "/api/v1/login", "method": "POST", "time": "2026-09-13T16:06:58.603885"}
2026-09-13T19:06:58.603955	DEBUG	http/login.go:30	invoke login user handler	{"request_id": "884f628a-76e5-4564-b38d-c4d1434dd72b", "url": "/api/v1/login", "method": "POST"}
2026-09-13T19:06:58.690235	DEBUG	middleware/common.go:86	<<< done HTTP request	{"request_id": "884f628a-76e5-4564-b38d-c4d1434dd72b", "url": "/api/v1/login", "method": "POST", "status_code": 200, "latency": "86.349583ms"}
2026-09-13T19:07:19.527269	DEBUG	middleware/common.go:79	>>> incoming http request	{"request_id": "bb840775-efc3-4149-9346-edc3fe3a353e", "url": "/api/v1/login", "method": "POST", "time": "2026-09-13T16:07:19.527267"}
2026-09-13T19:07:19.527339	DEBUG	http/login.go:30	invoke login user handler	{"request_id": "bb840775-efc3-4149-9346-edc3fe3a353e", "url": "/api/v1/login", "method": "POST"}
2026-09-13T19:07:19.531040	ERROR	response/handler.go:55	Failed to login	{"request_id": "bb840775-efc3-4149-9346-edc3fe3a353e", "url": "/api/v1/login", "method": "POST", "error": "create user: scan error: no rows in result set"}
2026-09-13T19:07:19.531164	DEBUG	middleware/common.go:86	<<< done HTTP request	{"request_id": "bb840775-efc3-4149-9346-edc3fe3a353e", "url": "/api/v1/login", "method": "POST", "status_code": 500, "latency": "3.895792ms"}
2026-09-13T19:07:27.232482	DEBUG	middleware/common.go:79	>>> incoming http request	{"request_id": "684a26c7-10f6-4016-abdc-b27abdeceffc", "url": "/api/v1/login", "method": "POST", "time": "2026-09-13T16:07:27.232480"}
2026-09-13T19:07:27.232541	DEBUG	http/login.go:30	invoke login user handler	{"request_id": "684a26c7-10f6-4016-abdc-b27abdeceffc", "url": "/api/v1/login", "method": "POST"}
2026-09-13T19:07:27.315932	ERROR	response/handler.go:55	Failed to login	{"request_id": "684a26c7-10f6-4016-abdc-b27abdeceffc", "url": "/api/v1/login", "method": "POST", "error": "invalid password"}
2026-09-13T19:07:27.316010	DEBUG	middleware/common.go:86	<<< done HTTP request	{"request_id": "684a26c7-10f6-4016-abdc-b27abdeceffc", "url": "/api/v1/login", "method": "POST", "status_code": 500, "latency": "83.530792ms"}
2026-09-13T19:07:30.591968	DEBUG	middleware/common.go:79	>>> incoming http request	{"request_id": "10dbc256-ad92-48c1-9c87-e7c23aa02a3c", "url": "/api/v1/login", "method": "POST", "time": "2026-09-13T16:07:30.591967"}
2026-09-13T19:07:30.592025	DEBUG	http/login.go:30	invoke login user handler	{"request_id": "10dbc256-ad92-48c1-9c87-e7c23aa02a3c", "url": "/api/v1/login", "method": "POST"}
2026-09-13T19:07:30.675732	DEBUG	middleware/common.go:86	<<< done HTTP request	{"request_id": "10dbc256-ad92-48c1-9c87-e7c23aa02a3c", "url": "/api/v1/login", "method": "POST", "status_code": 200, "latency": "83.764833ms"}
2026-09-13T19:07:54.788184	WARN	server/server.go:65	shutting down http server
2026-09-13T19:07:54.788836	WARN	server/server.go:76	http server shutdown completed
