2026-09-13T18:24:53.101072	DEBUG	qzlt/main.go:33	Initializing postgtes connection pool
2026-09-13T18:24:53.117170	DEBUG	qzlt/main.go:40	initializing feature	{"feature": "users"}
2026-09-13T18:24:53.117593	WARN	server/server.go:50	starting http server on 	{"addr": ":5050"}
2026-09-13T18:24:55.231696	DEBUG	middleware/common.go:79	>>> incoming http request	{"request_id": "ef44f72d-6749-4e13-8487-14ba21178f32", "url": "/api/v1/users", "method": "POST", "time": "2026-09-13T15:24:55.231695"}
2026-09-13T18:24:55.231822	DEBUG	http/create_user.go:33	invoke create user handler	{"request_id": "ef44f72d-6749-4e13-8487-14ba21178f32", "url": "/api/v1/users", "method": "POST"}
2026-09-13T18:24:55.232764	WARN	response/handler.go:55	Failed to decode and validate CreateUser request	{"request_id": "ef44f72d-6749-4e13-8487-14ba21178f32", "url": "/api/v1/users", "method": "POST", "error": "validate json: Key: 'CreateUserRequest.Email' Error:Field validation for 'Email' failed on the 'required' tag\nKey: 'CreateUserRequest.Password' Error:Field validation for 'Password' failed on the 'required' tag\nKey: 'CreateUserRequest.Name' Error:Field validation for 'Name' failed on the 'required' tag :invalid argument"}
2026-09-13T18:24:55.232943	DEBUG	middleware/common.go:86	<<< done HTTP request	{"request_id": "ef44f72d-6749-4e13-8487-14ba21178f32", "url": "/api/v1/users", "method": "POST", "status_code": 400, "latency": "1.247375ms"}
2026-09-13T18:25:10.193371	DEBUG	middleware/common.go:79	>>> incoming http request	{"request_id": "c736eb2a-2b3e-4a55-a54c-2101399827ad", "url": "/api/v1/users", "method": "POST", "time": "2026-09-13T15:25:10.193369"}
2026-09-13T18:25:10.193440	DEBUG	http/create_user.go:33	invoke create user handler	{"request_id": "c736eb2a-2b3e-4a55-a54c-2101399827ad", "url": "/api/v1/users", "method": "POST"}
2026-09-13T18:25:10.193488	WARN	response/handler.go:55	Failed to decode and validate CreateUser request	{"request_id": "c736eb2a-2b3e-4a55-a54c-2101399827ad", "url": "/api/v1/users", "method": "POST", "error": "validate json: Key: 'CreateUserRequest.Email' Error:Field validation for 'Email' failed on the 'required' tag\nKey: 'CreateUserRequest.Password' Error:Field validation for 'Password' failed on the 'required' tag\nKey: 'CreateUserRequest.Name' Error:Field validation for 'Name' failed on the 'required' tag :invalid argument"}
2026-09-13T18:25:10.193525	DEBUG	middleware/common.go:86	<<< done HTTP request	{"request_id": "c736eb2a-2b3e-4a55-a54c-2101399827ad", "url": "/api/v1/users", "method": "POST", "status_code": 400, "latency": "155.084µs"}
2026-09-13T18:25:33.549343	DEBUG	middleware/common.go:79	>>> incoming http request	{"request_id": "3f698922-f452-425a-b196-15b6ee007088", "url": "/api/v1/users", "method": "POST", "time": "2026-09-13T15:25:33.549333"}
2026-09-13T18:25:33.549512	DEBUG	http/create_user.go:33	invoke create user handler	{"request_id": "3f698922-f452-425a-b196-15b6ee007088", "url": "/api/v1/users", "method": "POST"}
2026-09-13T18:25:33.549626	WARN	response/handler.go:55	Failed to decode and validate CreateUser request	{"request_id": "3f698922-f452-425a-b196-15b6ee007088", "url": "/api/v1/users", "method": "POST", "error": "validate json: Key: 'CreateUserRequest.Email' Error:Field validation for 'Email' failed on the 'required' tag\nKey: 'CreateUserRequest.Password' Error:Field validation for 'Password' failed on the 'required' tag\nKey: 'CreateUserRequest.Name' Error:Field validation for 'Name' failed on the 'required' tag :invalid argument"}
2026-09-13T18:25:33.549712	DEBUG	middleware/common.go:86	<<< done HTTP request	{"request_id": "3f698922-f452-425a-b196-15b6ee007088", "url": "/api/v1/users", "method": "POST", "status_code": 400, "latency": "378.125µs"}
2026-09-13T18:25:39.896011	DEBUG	middleware/common.go:79	>>> incoming http request	{"request_id": "0d33b287-7131-4d8f-8d62-0de5fd398c12", "url": "/api/v1/users", "method": "POST", "time": "2026-09-13T15:25:39.896009"}
2026-09-13T18:25:39.896212	DEBUG	http/create_user.go:33	invoke create user handler	{"request_id": "0d33b287-7131-4d8f-8d62-0de5fd398c12", "url": "/api/v1/users", "method": "POST"}
2026-09-13T18:25:39.896372	WARN	response/handler.go:55	Failed to decode and validate CreateUser request	{"request_id": "0d33b287-7131-4d8f-8d62-0de5fd398c12", "url": "/api/v1/users", "method": "POST", "error": "validate json: Key: 'CreateUserRequest.Email' Error:Field validation for 'Email' failed on the 'required' tag\nKey: 'CreateUserRequest.Password' Error:Field validation for 'Password' failed on the 'required' tag\nKey: 'CreateUserRequest.Name' Error:Field validation for 'Name' failed on the 'required' tag :invalid argument"}
2026-09-13T18:25:39.896442	DEBUG	middleware/common.go:86	<<< done HTTP request	{"request_id": "0d33b287-7131-4d8f-8d62-0de5fd398c12", "url": "/api/v1/users", "method": "POST", "status_code": 400, "latency": "432.5µs"}
2026-09-13T18:25:50.353917	DEBUG	middleware/common.go:79	>>> incoming http request	{"request_id": "6cae6587-13b9-4772-8ad8-c4feb5245aa4", "url": "/api/v1/users", "method": "POST", "time": "2026-09-13T15:25:50.353915"}
2026-09-13T18:25:50.354025	DEBUG	http/create_user.go:33	invoke create user handler	{"request_id": "6cae6587-13b9-4772-8ad8-c4feb5245aa4", "url": "/api/v1/users", "method": "POST"}
2026-09-13T18:25:50.354071	WARN	response/handler.go:55	Failed to decode and validate CreateUser request	{"request_id": "6cae6587-13b9-4772-8ad8-c4feb5245aa4", "url": "/api/v1/users", "method": "POST", "error": "decode json: EOF: invalid argument"}
2026-09-13T18:25:50.354123	DEBUG	middleware/common.go:86	<<< done HTTP request	{"request_id": "6cae6587-13b9-4772-8ad8-c4feb5245aa4", "url": "/api/v1/users", "method": "POST", "status_code": 400, "latency": "207.167µs"}
2026-09-13T18:26:03.217297	DEBUG	middleware/common.go:79	>>> incoming http request	{"request_id": "e54cbd4b-dd98-4e30-b9f6-25c48f6f2541", "url": "/api/v1/users", "method": "POST", "time": "2026-09-13T15:26:03.217296"}
2026-09-13T18:26:03.217352	DEBUG	http/create_user.go:33	invoke create user handler	{"request_id": "e54cbd4b-dd98-4e30-b9f6-25c48f6f2541", "url": "/api/v1/users", "method": "POST"}
2026-09-13T18:26:03.217410	WARN	response/handler.go:55	Failed to decode and validate CreateUser request	{"request_id": "e54cbd4b-dd98-4e30-b9f6-25c48f6f2541", "url": "/api/v1/users", "method": "POST", "error": "validate json: Key: 'CreateUserRequest.Email' Error:Field validation for 'Email' failed on the 'required' tag\nKey: 'CreateUserRequest.Password' Error:Field validation for 'Password' failed on the 'required' tag\nKey: 'CreateUserRequest.Name' Error:Field validation for 'Name' failed on the 'required' tag :invalid argument"}
2026-09-13T18:26:03.217445	DEBUG	middleware/common.go:86	<<< done HTTP request	{"request_id": "e54cbd4b-dd98-4e30-b9f6-25c48f6f2541", "url": "/api/v1/users", "method": "POST", "status_code": 400, "latency": "148.667µs"}
2026-09-13T18:28:35.413544	WARN	server/server.go:65	shutting down http server
2026-09-13T18:28:35.414052	WARN	server/server.go:76	http server shutdown completed
