2026-09-14T16:46:49.604704	DEBUG	qzlt/main.go:33	Initializing postgtes connection pool
2026-09-14T16:46:49.631113	DEBUG	qzlt/main.go:40	initializing feature	{"feature": "users"}
2026-09-14T16:46:49.631603	WARN	server/server.go:50	starting http server on 	{"addr": ":5050"}
2026-09-14T16:46:53.672269	DEBUG	middleware/common.go:79	>>> incoming http request	{"request_id": "5ca0c1a6-1e23-4111-976b-764e7d7ceb8d", "url": "/api/v1/users?limit=5&offset=0", "method": "GET", "time": "2026-09-14T13:46:53.672268"}
2026-09-14T16:46:53.672316	DEBUG	http/get_users.go:19	invoke get users handler	{"request_id": "5ca0c1a6-1e23-4111-976b-764e7d7ceb8d", "url": "/api/v1/users?limit=5&offset=0", "method": "GET"}
2026-09-14T16:46:53.681249	DEBUG	middleware/common.go:86	<<< done HTTP request	{"request_id": "5ca0c1a6-1e23-4111-976b-764e7d7ceb8d", "url": "/api/v1/users?limit=5&offset=0", "method": "GET", "status_code": 200, "latency": "8.98ms"}
2026-09-14T16:46:58.539279	DEBUG	middleware/common.go:79	>>> incoming http request	{"request_id": "b6885d2c-d971-422a-83f2-dc2e64a0d595", "url": "/api/v1/users", "method": "GET", "time": "2026-09-14T13:46:58.539277"}
2026-09-14T16:46:58.539376	DEBUG	http/get_users.go:19	invoke get users handler	{"request_id": "b6885d2c-d971-422a-83f2-dc2e64a0d595", "url": "/api/v1/users", "method": "GET"}
2026-09-14T16:46:58.544069	DEBUG	middleware/common.go:86	<<< done HTTP request	{"request_id": "b6885d2c-d971-422a-83f2-dc2e64a0d595", "url": "/api/v1/users", "method": "GET", "status_code": 200, "latency": "4.789208ms"}
2026-09-14T16:47:04.676394	DEBUG	middleware/common.go:79	>>> incoming http request	{"request_id": "cde674d3-f464-4874-a212-0f093c306283", "url": "/api/v1/users?limit=2", "method": "GET", "time": "2026-09-14T13:47:04.676393"}
2026-09-14T16:47:04.676465	DEBUG	http/get_users.go:19	invoke get users handler	{"request_id": "cde674d3-f464-4874-a212-0f093c306283", "url": "/api/v1/users?limit=2", "method": "GET"}
2026-09-14T16:47:04.680376	DEBUG	middleware/common.go:86	<<< done HTTP request	{"request_id": "cde674d3-f464-4874-a212-0f093c306283", "url": "/api/v1/users?limit=2", "method": "GET", "status_code": 200, "latency": "3.980875ms"}
2026-09-14T16:47:12.873248	DEBUG	middleware/common.go:79	>>> incoming http request	{"request_id": "5a149d92-4f91-4a63-80ce-072d38627b15", "url": "/api/v1/users?limit=2&offset-1", "method": "GET", "time": "2026-09-14T13:47:12.873246"}
2026-09-14T16:47:12.873319	DEBUG	http/get_users.go:19	invoke get users handler	{"request_id": "5a149d92-4f91-4a63-80ce-072d38627b15", "url": "/api/v1/users?limit=2&offset-1", "method": "GET"}
2026-09-14T16:47:12.877430	DEBUG	middleware/common.go:86	<<< done HTTP request	{"request_id": "5a149d92-4f91-4a63-80ce-072d38627b15", "url": "/api/v1/users?limit=2&offset-1", "method": "GET", "status_code": 200, "latency": "4.181791ms"}
2026-09-14T16:47:16.051498	DEBUG	middleware/common.go:79	>>> incoming http request	{"request_id": "2a5451ca-cfdf-4a24-8645-0ba4b0a367cb", "url": "/api/v1/users?limit=2&offset=1", "method": "GET", "time": "2026-09-14T13:47:16.051497"}
2026-09-14T16:47:16.051586	DEBUG	http/get_users.go:19	invoke get users handler	{"request_id": "2a5451ca-cfdf-4a24-8645-0ba4b0a367cb", "url": "/api/v1/users?limit=2&offset=1", "method": "GET"}
2026-09-14T16:47:16.056298	DEBUG	middleware/common.go:86	<<< done HTTP request	{"request_id": "2a5451ca-cfdf-4a24-8645-0ba4b0a367cb", "url": "/api/v1/users?limit=2&offset=1", "method": "GET", "status_code": 200, "latency": "4.798708ms"}
2026-09-14T16:49:37.800129	WARN	server/server.go:65	shutting down http server
2026-09-14T16:49:37.800801	WARN	server/server.go:76	http server shutdown completed
